dman: Reset Button Press Detected
Digital core power voltage set to 0.9375V
c_ddr_init#1215: ddrclock=400
Decompressing...done
Digital core power voltage set to 0.9375V
c_ddr_init#1209: ddrclock=533

SHMOO VER 1.13

PKID07DC06011801080000000000001A103F01000000

S3004025B
00001C00


RDLYW0 00000004

RDENW0 00000046

RDQSW0 

    0000000000111111111122222222223333333333444444444455555555556666
    0123456789012345678901234567890123456789012345678901234567890123
 00 -----+++++++++++++++++++++++++++++X+++++++++++++++++++++++++++++
 01 -----+++++++++++++++++++++++++++++X+++++++++++++++++++++++++++++
 02 ------+++++++++++++++++++++++++++++X++++++++++++++++++++++++++++
 03 ------+++++++++++++++++++++++++++++X++++++++++++++++++++++++++++
 04 ++++++++++++++++++++++++++++++++X+++++++++++++++++++++++++++++++
 05 ---++++++++++++++++++++++++++++++X++++++++++++++++++++++++++++++
 06 --+++++++++++++++++++++++++++++++X++++++++++++++++++++++++++++++
 07 --+++++++++++++++++++++++++++++++X++++++++++++++++++++++++++++++
 08 -------++++++++++++++++++++++++++++X++++++++++++++++++++++++++++
 09 ------+++++++++++++++++++++++++++++X++++++++++++++++++++++++++++
 10 -----+++++++++++++++++++++++++++++X+++++++++++++++++++++++++++++
 11 ---++++++++++++++++++++++++++++++X++++++++++++++++++++++++++++++
 12 ----++++++++++++++++++++++++++++++X+++++++++++++++++++++++++++++
 13 ---++++++++++++++++++++++++++++++X++++++++++++++++++++++++++++++
 14 -----+++++++++++++++++++++++++++++X+++++++++++++++++++++++++++++
 15 --+++++++++++++++++++++++++++++++X++++++++++++++++++++++++++++++


P...W0 

    0000000000111111111122222222223333333333444444444455555555556666
    0123456789012345678901234567890123456789012345678901234567890123
 00 ----+-+++++++++++++++++++++++++++++X++++++++++++++++++++++++++++
 01 -----+++++++++++++++++++++++++++++X+++++++++++++++++++++++++++++
 02 ------+++++++++++++++++++++++++++++X++++++++++++++++++++++++++++
 03 -----+++++++++++++++++++++++++++++X+++++++++++++++++++++++++++++
 04 ++++++++++++++++++++++++++++++++X+++++++++++++++++++++++++++++++
 05 ---++++++++++++++++++++++++++++++X++++++++++++++++++++++++++++++
 06 --+++++++++++++++++++++++++++++++X++++++++++++++++++++++++++++++
 07 ---++++++++++++++++++++++++++++++X++++++++++++++++++++++++++++++
 08 ------+++++++++++++++++++++++++++++X++++++++++++++++++++++++++++
 09 ------+++++++++++++++++++++++++++++X++++++++++++++++++++++++++++
 10 ------+++++++++++++++++++++++++++++X++++++++++++++++++++++++++++
 11 ---++++++++++++++++++++++++++++++X++++++++++++++++++++++++++++++
 12 ----++++++++++++++++++++++++++++++X+++++++++++++++++++++++++++++
 13 ---++++++++++++++++++++++++++++++X++++++++++++++++++++++++++++++
 14 ------+++++++++++++++++++++++++++++X++++++++++++++++++++++++++++
 15 ---++++++++++++++++++++++++++++++X++++++++++++++++++++++++++++++


N...W0 

    0000000000111111111122222222223333333333444444444455555555556666
    0123456789012345678901234567890123456789012345678901234567890123
 00 ---++++++++++++++++++++++++++++++X++++++++++++++++++++++++++++++
 01 -----+++++++++++++++++++++++++++++X+++++++++++++++++++++++++++++
 02 ------+++++++++++++++++++++++++++++X++++++++++++++++++++++++++++
 03 ---++++++++++++++++++++++++++++++X++++++++++++++++++++++++++++++
 04 ++++++++++++++++++++++++++++++++X+++++++++++++++++++++++++++++++
 05 --+++++++++++++++++++++++++++++++X++++++++++++++++++++++++++++++
 06 --+++++++++++++++++++++++++++++++X++++++++++++++++++++++++++++++
 07 -+++++++++++++++++++++++++++++++X+++++++++++++++++++++++++++++++
 08 -----+++++++++++++++++++++++++++++X+++++++++++++++++++++++++++++
 09 ------+++++++++++++++++++++++++++++X++++++++++++++++++++++++++++
 10 ----++++++++++++++++++++++++++++++X+++++++++++++++++++++++++++++
 11 --+++++++++++++++++++++++++++++++X++++++++++++++++++++++++++++++
 12 --+++++++++++++++++++++++++++++++X++++++++++++++++++++++++++++++
 13 ++++++++++++++++++++++++++++++++X+++++++++++++++++++++++++++++++
 14 ----++++++++++++++++++++++++++++++X+++++++++++++++++++++++++++++
 15 ++++++++++++++++++++++++++++++++X+++++++++++++++++++++++++++++++


WRDQW0 

    0000000000111111111122222222223333333333444444444455555555556666
    0123456789012345678901234567890123456789012345678901234567890123
 00 +++++++++++++++++++++++++++++++X++++++++++++++++++++++++++++++--
 01 +++++++++++++++++++++++++++++++X+++++++++++++++++++++++++++++++-
 02 +++++++++++++++++++++++++++++++X+++++++++++++++++++++++++++++++-
 03 +++++++++++++++++++++++++++++++X+++++++++++++++++++++++++++++++-
 04 +++++++++++++++++++++++++++++X+++++++++++++++++++++++++++++-----
 05 ++++++++++++++++++++++++++++++X+++++++++++++++++++++++++++++----
 06 ++++++++++++++++++++++++++++++X+++++++++++++++++++++++++++++----
 07 ++++++++++++++++++++++++++++++X++++++++++++++++++++++++++++++---
 08 +++++++++++++++++++++++++++++++X+++++++++++++++++++++++++++++++-
 09 +++++++++++++++++++++++++++++++X+++++++++++++++++++++++++++++++-
 10 +++++++++++++++++++++++++++++++X+++++++++++++++++++++++++++++++-
 11 +++++++++++++++++++++++++++++++X+++++++++++++++++++++++++++++++-
 12 +++++++++++++++++++++++++++++++X+++++++++++++++++++++++++++++++-
 13 +++++++++++++++++++++++++++++++X++++++++++++++++++++++++++++++--
 14 ++++++++++++++++++++++++++++++X++++++++++++++++++++++++++++++---
 15 ++++++++++++++++++++++++++++++X++++++++++++++++++++++++++++++---


WRDMW0 00000030
WRDMW0 00000030


ADDR

    0000000000111111111122222222223333333333444444444455555555556666
    0123456789012345678901234567890123456789012345678901234567890123
 00 ++++++++++++++++++++++++++++S++X++++++++++++++++++++++++++++++++

Decompressing...done
Found a Micron NAND flash:
Total size:  128MB
Block size:  128KB
Page Size:   2048B
OOB Size:    64B
Sector size: 512B
Spare size:  16B
ECC level:   8 (8-bit)
Device ID: 0x2c 0xf1 0x80 0x95 0x04 0x00
Optimize Micron MT29F1G08ABADA timing.


CFE version 6.37.14.105 (r485445) based on BBP 1.0.37 for BCM947XX (32bit,SP,)
Enterprise UAP CFE Version 1.1 for DNI HW ID: 29764956; NOR flash 0MB; NAND flash 128MB; RAM 256MB; 1st Radio 2x2; 2nd Radio 2x2
Build Date: Thu Sep 10 15:42:51 CST 2015 (george@delltwo)
Copyright (C) 2000-2013 Broadcom Corporation.

Init Arena
Init Devs.
Boot partition size = 262144(0x40000)
DDR Clock: 533 MHz
Info: DDR frequency set from clkfreq=800,*533*
et0: Broadcom BCM47XX 10/100/1000 Mbps Ethernet Controller 6.37.14.105 (r485445)
CPU type 0x0: 800MHz
Tot mem: 262144 KBytes

CFE mem:    0x00F00000 - 0x017ADC44 (9100356)
Data:       0x00F63BD4 - 0x00F652C0 (5868)
BSS:        0x00F652D0 - 0x00FABC44 (289140)
Heap:       0x00FABC44 - 0x017ABC44 (8388608)
Stack:      0x017ABC44 - 0x017ADC44 (8192)
Text:       0x00F00000 - 0x00F56E18 (355864)
Boot:       0x017AE000 - 0x017EE000
Reloc:      I:00000000 - D:00000000

Device eth0:  hwaddr 70-F3-5A-22-6C-08, ipaddr 192.168.1.1, mask 255.255.255.0
        gateway not set, nameserver not set
*** Press any key to stop auto run (1 seconds) ***
Auto run second count down: 1.1.0
dni nvram_get arg is bootpartition
dni nvram_get arg is partialboots
dni nvram_get arg is maxpartialboots
dni nvram_get arg is bootcmd
bootcmd is run boot1
Booting(0): boot -raw -z -addr=0x8000 -max=0xef8000 nflash0.os:
Loader:raw Filesys:raw Dev:nflash0.os File: Options:(null)
Loading: ............................................................................................................................................................................................................................................................................................................................................................................................................................................................................................................................................................... 2219700 bytes read
Entry at 0x00008000
Closing network.
Starting program at 0x00008000
Uncompressing Linux... done, booting the kernel.
Linux version 2.6.36.4brcmarm (sam.you@dni-l-sw01) (gcc version 4.5.3 (Buildroot 2012.02) ) #1 SMP PREEMPT Wed Nov 15 01:32:52 CST 2017
CPU: ARMv7 Processor [413fc090] revision 0 (ARMv7), cr=10c53c7f
CPU: VIPT nonaliasing data cache, VIPT nonaliasing instruction cache
Machine: Northstar Prototype
Ignoring unrecognised tag 0x00000000
Memory policy: ECC disabled, Data cache writealloc
MPCORE found at 19020000
PERCPU: Embedded 7 pages/cpu @d0215000 s4672 r8192 d15808 u65536
pcpu-alloc: s4672 r8192 d15808 u65536 alloc=16*4096
pcpu-alloc: [0] 0 [0] 1 
Built 1 zonelists in Zone order, mobility grouping on.  Total pages: 60928
Kernel command line: console=ttyS0,115200 root=ubi0:rootfs rootfstype=ubifs ro rootflags=sync user_debug=31
PID hash table entries: 1024 (order: 0, 4096 bytes)
Dentry cache hash table entries: 32768 (order: 5, 131072 bytes)
Inode-cache hash table entries: 16384 (order: 4, 65536 bytes)
Memory: 128MB 128MB = 256MB total
Memory: 254860k/254860k available, 7284k reserved, 0K highmem
Virtual kernel memory layout:
    vector  : 0xffff0000 - 0xffff1000   (   4 kB)
    fixmap  : 0xfff00000 - 0xfffe0000   ( 896 kB)
    DMA     : 0xf7e00000 - 0xffe00000   ( 128 MB)
    vmalloc : 0xd8800000 - 0xf0000000   ( 376 MB)
    lowmem  : 0xc0000000 - 0xd8000000   ( 384 MB)
    modules : 0xbf000000 - 0xc0000000   (  16 MB)
      .init : 0xc0008000 - 0xc004e000   ( 280 kB)
      .text : 0xc004e000 - 0xc042b000   (3956 kB)
      .data : 0xc0446000 - 0xc0467d60   ( 136 kB)
SLUB: Genslabs=11, HWalign=32, Order=0-3, MinObjects=0, CPUs=2, Nodes=1
Hierarchical RCU implementation.
.RCU-based detection of stalled CPUs is disabled.
.Verbose stalled-CPUs detection is disabled.
NR_IRQS:256
MPCORE GIC init
External imprecise Data abort at addr=0x0, fsr=0x1c06 ignored.
MPCORE Global Timer Clock 400000000Hz
Calibrating delay loop... 1599.07 BogoMIPS (lpj=7995392)
pid_max: default: 32768 minimum: 301
Mount-cache hash table entries: 512
CPU: Testing write buffer coherency: ok
L310: cache controller enabled 16 ways, CACHE_ID 0x410000c8, AUX_CTRL 0x7a130000
Brought up 1 CPUs
SMP: Total of 1 processors activated (1599.07 BogoMIPS).
devtmpfs: initialized
atomic64 test passed
NET: Registered protocol family 16
Found a Micron NAND flash:
Total size:  128MB
Block size:  128KB
Page Size:   2048B
OOB Size:    64B
Sector size: 512B
Spare size:  16B
ECC level:   8 (8-bit)
Device ID: 0x2c 0xf1 0x80 0x95 0x 4 0x00
NVRAM kernel_args: console=ttyS0,115200 ubi.mtd=5 root=ubi0:rootfs ro rootflags=sync rootfstype=ubifs user_debug=31
CCA UART Clock Config: Sel=1 Ovr=1 Div=48
CCA UART Clock rate 100000000Hz
bio: create slab <bio-0> at 0
cfg80211: Calling CRDA to update world regulatory domain
Switching to clocksource mpcore_gtimer
NET: Registered protocol family 2
IP route cache hash table entries: 2048 (order: 1, 8192 bytes)
TCP established hash table entries: 8192 (order: 4, 65536 bytes)
TCP bind hash table entries: 8192 (order: 4, 98304 bytes)
TCP: Hash tables configured (established 8192 bind 8192)
TCP reno registered
UDP hash table entries: 128 (order: 0, 4096 bytes)
UDP-Lite hash table entries: 128 (order: 0, 4096 bytes)
NET: Registered protocol family 1
Leds driver Version 1.0
Reset driver Version 1.0
PCI: no core
PCI: no core
PCI: scanning bus 0
PCI: Fixing up bus 0
PCIE1 link=1
Force PCIE RC to GEN1 only for WAP150-E-K9-EU
PCI: Fixing up bus 0
PCI: bus0: Fast back to back transfers disabled
PCI: Fixing up bus 1
PCI: bus1: Fast back to back transfers disabled
pci 0001:00:00.0: BAR 8: assigned [mem 0x08000000-0x080fffff]
pci 0001:01:00.0: BAR 0: assigned [mem 0x08000000-0x08007fff 64bit]
pci 0001:01:00.0: BAR 0: set to [mem 0x08000000-0x08007fff 64bit] (PCI address [0x8000000-0x8007fff]
pci 0001:00:00.0: PCI bridge to [bus 01-01]
pci 0001:00:00.0:   bridge window [io  disabled]
pci 0001:00:00.0:   bridge window [mem 0x08000000-0x080fffff]
pci 0001:00:00.0:   bridge window [mem pref disabled]
PCIE2 link=1
Force PCIE RC to GEN1 only for WAP150-E-K9-EU
PCI: Fixing up bus 0
PCI: bus0: Fast back to back transfers disabled
PCI: Fixing up bus 2
PCI: bus2: Fast back to back transfers disabled
pci 0002:00:00.0: BAR 8: assigned [mem 0x40000000-0x400fffff]
pci 0002:02:00.0: BAR 0: assigned [mem 0x40000000-0x40007fff 64bit]
pci 0002:02:00.0: BAR 0: set to [mem 0x40000000-0x40007fff 64bit] (PCI address [0x40000000-0x40007fff]
pci 0002:00:00.0: PCI bridge to [bus 02-02]
pci 0002:00:00.0:   bridge window [io  disabled]
pci 0002:00:00.0:   bridge window [mem 0x40000000-0x400fffff]
pci 0002:00:00.0:   bridge window [mem pref disabled]
PCIE3 link=0
squashfs: version 4.0 (2009/01/31) Phillip Lougher
Registering unionfs 2.5.11 (for 2.6.36.4)
JFFS2 version 2.2. (NAND) Â© 2001-2006 Red Hat, Inc.
msgmni has been set to 497
io scheduler noop registered
io scheduler deadline registered
io scheduler cfq registered (default)
Serial: 8250/16550 driver, 2 ports, IRQ sharing disabled
serial8250.0: ttyS0 at MMIO 0x18000300 (irq = 117) is a 16550
console [ttyS0] enabled
serial8250.0: ttyS1 at MMIO 0x18000400 (irq = 117) is a 16550
brd: module loaded
loop: module loaded
pflash: found no supported devices
Northstar brcmnand NAND Flash Controller driver, Version 0.1 (c) Broadcom Inc. 2012
NAND device: Manufacturer ID: 0x2c, Chip ID: 0xf1 (Micron NAND 128MiB 3,3V 8-bit)
Spare area=64 eccbytes 56, ecc bytes located at:
 2 3 4 5 6 7 8 9 10 11 12 13 14 15 18 19 20 21 22 23 24 25 26 27 28 29 30 31 34 35 36 37 38 39 40 41 42 43 44 45 46 47 50 51 52 53 54 55 56 57 58 59 60 61 62 63
Available 7 bytes at (off,len):
(1,1) (16,2) (32,2) (48,2) (0,0) (0,0) (0,0) (0,0) 
Scanning device for bad blocks
Options: NO_AUTOINCR,NO_READRDY,BBT_SCAN2NDPAGE,
Nand Boot partition size = 524288(0x80000)
lookup_nflash_rootfs_offset: offset = 0x180000
brcmnand: ubifs with lzo found at block #30 offset 3c0000
lookup_nflash_rootfs_offset: offset = 0x2980000
brcmnand: ubifs with lzo found at block #350 offset 2bc0000
Creating 9 MTD partitions on "brcmnand":
0x000000000000-0x000000080000 : "boot"
0x000000080000-0x0000000a0000 : "nvram"
0x0000000a0000-0x0000000c0000 : "boot_env"
0x0000000c0000-0x000000100000 : "log"
0x000000180000-0x000002980000 : "linux"
0x0000003c0000-0x000002980000 : "rootfs"
0x000002980000-0x000005180000 : "linux2"
0x000002bc0000-0x000005180000 : "rootfs2"
0x000005180000-0x000008000000 : "jffs2"
UBI: attaching mtd5 to ubi0
UBI: physical eraseblock size:   131072 bytes (128 KiB)
UBI: logical eraseblock size:    129024 bytes
UBI: smallest flash I/O unit:    2048
UBI: sub-page size:              512
UBI: VID header offset:          512 (aligned 512)
UBI: data offset:                2048
UBI: max. sequence number:       0
UBI: attached mtd5 to ubi0
UBI: MTD device name:            "rootfs"
UBI: MTD device size:            37 MiB
UBI: number of good PEBs:        302
UBI: number of bad PEBs:         0
UBI: max. allowed volumes:       128
UBI: wear-leveling threshold:    4096
UBI: number of internal volumes: 1
UBI: number of user volumes:     1
UBI: available PEBs:             4
UBI: total number of reserved PEBs: 298
UBI: number of PEBs reserved for bad PEB handling: 9
UBI: max/mean erase counter: 0/0
UBI: image sequence number:  125092499
PPP generic driver version 2.4.2
NET: Registered protocol family 24
Software Watchdog Timer: 0.07 initialized. soft_noboot=0 soft_margin=60 sec (nowayout= 0)
Netfilter messages via NETLINK v0.30.
nf_conntrack version 0.5.0 (3982 buckets, 15928 max)
ip_tables: (C) 2000-2006 Netfilter Core Team
TCP cubic registered
NET: Registered protocol family 10
IPv6 over IPv4 tunneling driver
NET: Registered protocol family 17
br_netlink_init: netlink_kernel_create success.
802.1Q VLAN Support v1.8 Ben Greear <greearb@candelatech.com>
All bugs added by David S. Miller <davem@redhat.com>
lib80211: common routines for IEEE802.11 drivers
UBIFS: parse sync
UBIFS: mounted UBI device 0, volume 0, name "rootfs"
UBIFS: mounted read-only
UBIFS: file system size:   30320640 bytes (29610 KiB, 28 MiB, 235 LEBs)
UBIFS: journal size:       4257792 bytes (4158 KiB, 4 MiB, 33 LEBs)
UBIFS: media format:       w4/r0 (latest is w4/r0)
UBIFS: default compressor: lzo
UBIFS: reserved for root:  0 bytes (0 KiB)
VFS: Mounted root (ubifs filesystem) readonly on device 0:11.
devtmpfs: mounted
Freeing init memory: 280K
Empty flash at 0x0198736c ends at 0x01987800
Empty flash at 0x01be8ee0 ends at 0x01be9000
jffs2_scan_inode_node(): CRC failed on node at 0x01bf17f4: Read 0xffffffff, calculated 0x1490a44b
Empty flash at 0x01bf1aec ends at 0x01bf2000
Inserting bcmgpio code: bcmgpio.koDevice bcmgpio init, major = 251
.
Mounting filesystems...
Inserting L2 tunnel code: wlext_l2tunnel.kowlext_l2tunnel: module license 'Proprietary' taints kernel.
Disabling lock debugging due to kernel taint
L2 Tunneling module init 
mkdir /proc/net/l2tunnel SUCCESSFUL
mkdir /proc/net/l2tunnel/tunnel SUCCESSFUL
l2tunnel arp task created with pid 1061
l2tunnel frag task created with pid 1062
.
Inserting AP Metering module code: wlext_apmeter.ko.
Inserting Captive Portal code: wlext_cp.koap cp data allocated
vap cp data allocated
.
Inserting EMF code: wlext_emf.ko.
Inserting IGMP Snooping code: wlext_igs.ko.
Inserting managed WDS code: wlext_wds.koEntering wlext_wds_db_init
wlext_wds_socket_init Begin
wlext-wds socket created.
wlext_wds_socket_init End
wlext_wds thread created with pid 1108
.
Inserting Centralized L2 tunnel code: wlext_cl2tunnel.koCentralized L2 tunneling module init begin
mkdir /proc/net/cl2tunnel SUCCESSFUL
Centralized L2 tunneling module initialization SUCCESS
.
Inserting Dist L2 tunnel code: wlext_dl2tunnel.kodl2tunnel_init: begin
dl2tunnel_monitor_task_init: monitor task created with pid 1125
dl2tunnel_stats_proc_init: mkdir /proc/net/dl2tunnel SUCCESSFUL
dl2tunnel_stats_proc_init: mkdir /proc/net/dl2tunnel/sta SUCCESSFUL
dl2tunnel_init: module initializion SUCCESS
.
Inserting IP tunnel code: wlext_iptunnel.koap tunnel allocated
vap tunnel allocated
.
Inserting RF Scan code: wlext_rfscan.koEntering wlext_rfscan_db_init
wlext_rfscan_socket_init Begin
wlext-rfscan socket created.
wlext_rfscan_socket_init End
wlext_rfscan_hostapd_socket_init Begin
wlext-rfscan hostapd socket created.
wlext_rfscan_hostapd_socket_init End
.
wlext_rfscan thread created with pid 1140
Inserting wlext stats code: wlext_stats.komkdir /proc/net/ieee80211 SUCCESSFUL
wlext-stats is initialized
.
Starting tspec.
Inserting Broadcom CTF module: ctf.ko.
Inserting Broadcom et driver code: et.koet_module_init: passivemode set to 0x0
et_module_init: txworkq set to 0x0
et_module_init: et_txq_thresh set to 0x0
sw0: Broadcom BCM47XX 10/100/1000 Mbps Ethernet Controller 10.10.69.74 (r629731)
chipid ERROR: UNKNOWN Device ID (0xa8db)
chipid ERROR: UNKNOWN Device ID (0x4360)
.
/home/sam.you/project/torrey_pines.git/ap/broadcom/out/bcm953012er/obj/dni-kernel-hook/dni-kernel-hook.c: Loaded (id:-1) OK!
Init Robo switch chip. start
linux-kernel-bde (1191): found robo device with 0:600d:8760:3011:05
Broadcom Command Monitor: Copyright (c) 1998-2010 Broadcom Corporation
Release: sdk-6.3.3 built 20171115 (Wed Nov 15 01:45:30 2017)
From sam.you@dni-l-sw01:/home/sam.you/project/torrey_pines.git/ap/broadcom/src/sdk-robo
Platform: IPROC_CMICD
OS: Linux Kernel
SPI unit 0: Dev 0x3011, Rev 0x05, Chip BCM53011_A2, Driver BCM53010_A0
SPI device BCM53011_A2 attached as unit 0.
Boot flags: initialization scripts NOT loaded
BCM.0> BCM.0> _phy_54680_reset_setup: Config property 'phy_port_primary_and_offset' not set for u=0, p=0
BCM.0> BCM.0> BCM.0>                   speed/  link  auto    STP                    lrn  inter
port  Ena link    duplex  scan  neg?   state   pause   discrd  ops   face
 ge0   En down     1G FD    SW   Yes    Block           None   FAC   GMII  
PID is WAP150...
Waiting for msg from kernel!
Init Robo switch chip. end
.
Inserting Delta-Network virtual ethernet driver code: veth.koVETH Support v1.8 Ben Greear <greearb@candelatech.com>
All bugs added by David S. Miller <davem@redhat.com>
.
link ge0 to eth0.
Inserting wl driver: wl.ko
et_apqos init for wap150...
wl_module_init: passivemode set to 0x0
wl_module_init: txworkq set to 0x0
PCI: Enabling device 0001:01:00.0 (0140 -> 0142)
wl: wlc_dl2t_attach d5570000, intf 0
wlc_exclude_chans_attach(171)
wlan0: Broadcom BCM43227 802.11 Wireless Controller 10.10.69.74_e5.0.9.1 (r629731)
PCI: Enabling device 0002:02:00.0 (0140 -> 0142)
wl: wlc_dl2t_attach d6390000, intf 1
wlc_exclude_chans_attach(171)
wlan1: Broadcom BCM4360 802.11 Wireless Controller 10.10.69.74_e5.0.9.1 (r629731)
2 radio configuration detected
bands and phytype read for wlan0
bands and phytype read for wlan1
.
crash_dump: board_type = bcm953012er
,flash_file_path = /dev/mtd3
Starting mapd and dmanDMAN:netconn plugin init
dman: Daemonizing...
.
dman: Daemonized.
No previous Config Boot failures detected
Disable Giga PHY ports 1 ~ 4 ... Done
Put PCIE2 in reset state ... Done
Put USB PHY in reset state ... Done
Disable Channel 2 of the GENPLL ... Done
Disable USB 3.0 Controller ... Done
Cybertan MFG Start!
[ETEXT] acl name: 
[ETEXT] diffserv name: 
Fri Dec 31 12:00:00 MET 1999
Mon Mar 23 16:23:36 METDST 2020
Mon Mar 23 16:23:36 METDST 2020
dman: Setting green ethernet mode_eee up = 1
dman: Setting green ethernet mode_pd up = 1
dman: Setting auto-negotiation to up.
dman: Remote Access Not Enabled
killall: dropbear: no process killed


wap226c08 login: dman: Starting mapqosd ....
dman: Restarting DHCP client 
dman: Restarting DHCPv6 client 
dman: Remote Access Not Enabled
dman: Initialization complete.

dman: Set brtrunk hw ether 70:F3:5A:22:6C:08dman: Starting log services..
RESTCONF: Datastore file /tmp/yang/datastore-acm.xml does not exist, creating it.
RESTCONF: Datastore file /tmp/yang/datastore-acm.xml was created.
RESTCONF: Datastore file /tmp/yang//ietf-system.xml does not exist, creating it.
RESTCONF: Datastore file /tmp/yang//ietf-system.xml was created.
dman: hostapd_needs_restart - change in dot11
General SysInfo.txt Start!
Product ID WAP150-E-K9-EU found
====Product ID BAND E found

Boot Successful - Config Ok
Band Plan = ETSI detected.
RESTCONF: Datastore file /tmp/yang//ietf-interfaces.xml does not exist, creating it.
RESTCONF: Datastore file /tmp/yang//ietf-interfaces.xml was created.

[Lite CP]: config correct DONE.
dman: hostapd-all sent standalone mode response.

RESTCONF: Datastore file /tmp/yang//ietf-syslog.xml does not exist, creating it.
RESTCONF: Datastore file /tmp/yang//ietf-syslog.xml was created.
RESTCONF: Datastore file /tmp/yang//ciscosb-wifi.xml does not exist, creating it.
RESTCONF: Datastore file /tmp/yang//ciscosb-wifi.xml was created.
RESTCONF: Datastore file /tmp/yang//ciscosb-file.xml does not exist, creating it.
RESTCONF: Datastore file /tmp/yang//ciscosb-file.xml was created.
RESTCONF: Datastore file /tmp/yang//ciscosb-cluster.xml does not exist, creating it.
RESTCONF: Datastore file /tmp/yang//ciscosb-cluster.xml was created.
RESTCONF: Datastore file /tmp/yang//ciscosb-image.xml does not exist, creating it.
RESTCONF: Datastore file /tmp/yang//ciscosb-image.xml was created.
RESTCONF: Datastore file /tmp/yang//ietf-restconf-monitoring.xml does not exist, creating it.
RESTCONF: Datastore file /tmp/yang//ietf-restconf-monitoring.xml was created.
RESTCONF: Datastore file /tmp/yang//ietf-yang-library.xml does not exist, creating it.
RESTCONF: Datastore file /tmp/yang//ietf-yang-library.xml was created.